// Jest Snapshot v1, https://goo.gl/fbAQLP

exports[`<BaseAssessmentView /> render default 1`] = `
<div
  className="assessment-content-layout mr-auto ml-auto"
>
  <div
    className="content-wrapper"
  >
    <StatusAlert />
    <Row
      className="flex-nowrap m-0 mb-3 position-relative"
    >
      <div
        className="w-100"
      >
        <h1
          className="d-inline"
        >
          Self grading
        </h1>
        <StepProgressIndicator
          step="self"
        />
      </div>
    </Row>
    <Row
      className="flex-nowrap m-0 content-body"
    >
      <Col
        className="p-0"
      >
        <Instructions />
        children
        <ModalActions />
      </Col>
      <Col
        className="py-0 pr-0 pl-3 col-3 assessment-col"
      >
        <Assessment />
      </Col>
    </Row>
  </div>
</div>
`;
