// Jest Snapshot v1, https://goo.gl/fbAQLP

exports[`<Assessment /> renders nothing if not initialized 1`] = `null`;

exports[`<Assessment /> renders the EditableAssessment 1`] = `<EditableAssessment />`;

exports[`<Assessment /> renders the ReadonlyAssessment 1`] = `
<ReadonlyAssessment
  defaultOpen={true}
/>
`;
