// Jest Snapshot v1, https://goo.gl/fbAQLP

exports[`<FilePreview /> render only supported files 1`] = `
<div>
  <FileRenderer
    defaultOpen={true}
    file={
      Object {
        "fileName": "file2.pdf",
      }
    }
    key="file2.pdf"
  />
  <FileRenderer
    defaultOpen={true}
    file={
      Object {
        "fileName": "file3.jpg",
      }
    }
    key="file3.jpg"
  />
</div>
`;

exports[`<FilePreview /> renders nothing when no files are uploaded 1`] = `null`;

exports[`<FilePreview /> renders only div when no supported files are uploaded 1`] = `<div />`;
