// Jest Snapshot v1, https://goo.gl/fbAQLP

exports[`<Instructions /> render empty on no message 1`] = `null`;

exports[`<Instructions /> render message 1`] = `
<div
  className="py-4"
>
  <p
    className="mb-0"
  >
    <strong>
      Instructions
      : 
    </strong>
    arbitrarilyInstructionsMessage
  </p>
</div>
`;
