// Jest Snapshot v1, https://goo.gl/fbAQLP

exports[`<ConfirmDialog /> renders correctly 1`] = `
<AlertModal
  footerNode={
    <ActionRow>
      <ActionButton
        onClick={[MockFunction close]}
        variant="light"
      >
        <FormattedMessage
          defaultMessage="Go back"
          description="Label for the cancel button"
          id="frontend-app-ora.ConfirmDialog.goBack"
        />
      </ActionButton>
      <ActionButton
        onClick={[MockFunction onClick]}
      />
    </ActionRow>
  }
  isOpen={true}
  title="Title"
>
  Description
</AlertModal>
`;
