// Jest Snapshot v1, https://goo.gl/fbAQLP

exports[`<SubmissionView /> renders 1`] = `
<Fragment>
  <ProgressBar />
  <SubmissionContentLayout
    draftSaved={true}
    onDeletedFile={[MockFunction onDeletedFile]}
    onFileUploaded={[MockFunction onFileUploaded]}
    onTextResponseChange={[MockFunction onTextResponseChange]}
    oraConfigData="oraConfigData"
    submission="submission"
  />
  <SubmissionActions
    saveResponseHandler={[MockFunction saveResponseHandler]}
    saveResponseStatus="saveResponseStatus"
    submitResponseHandler={[MockFunction submitResponseHandler]}
    submitResponseStatus="submitResponseStatus"
  />
</Fragment>
`;
