// Jest Snapshot v1, https://goo.gl/fbAQLP

exports[`<SubmissionView /> renders 1`] = `
<FullscreenModal
  footerNode={
    <SubmissionActions
      saveResponseForLaterHandler={[MockFunction saveResponseForLaterHandler]}
      saveResponseForLaterStatus="saveResponseForLaterStatus"
      submitResponseHandler={[MockFunction submitResponseHandler]}
      submitResponseStatus="submitResponseStatus"
    />
  }
  isOpen={true}
  modalBodyClassName="content-body"
  onClose={[Function]}
  title="ORA Submission"
>
  <SubmissionContentLayout
    draftSaved={true}
    onFileUploaded={[MockFunction onFileUploaded]}
    onTextResponseChange={[MockFunction onTextResponseChange]}
    oraConfigData="oraConfigData"
    submission="submission"
  />
</FullscreenModal>
`;
