// Jest Snapshot v1, https://goo.gl/fbAQLP

exports[`<SubmissionActions /> renders 1`] = `
<ActionRow>
  <StatefulButton
    disabledStates={
      Array [
        "loading",
      ]
    }
    labels={
      Object {
        "default": "Finish later",
        "loading": "Saving response",
      }
    }
    onClick={[MockFunction saveResponseForLaterHandler]}
    state="idle"
    variant="secondary"
  />
  <StatefulButton
    disabledStates={
      Array [
        "loading",
        "success",
      ]
    }
    labels={
      Object {
        "idle": "Submit response",
        "loading": "Submitting response",
        "success": "Response submitted",
      }
    }
    onClick={[MockFunction submitResponseHandler]}
    state="idle"
  />
</ActionRow>
`;
