// Jest Snapshot v1, https://goo.gl/fbAQLP

exports[`<AssessmentCriteria /> renders the component 1`] = `
<Fragment>
  <Feedback
    commentBody="Feedback 1"
    commentHeader="Step Label comments"
    criterionDescription="Criterion Description"
    criterionName="Criterion Name"
    defaultOpen={true}
    key="Criterion Name"
    selectedOption="Selected Option 1"
    selectedPoints={5}
  />
  <Feedback
    commentBody="Feedback 2"
    commentHeader="Step Label comments"
    criterionDescription="Criterion Description 2"
    criterionName="Criterion Name 2"
    defaultOpen={true}
    key="Criterion Name 2"
    selectedOption="Selected Option 2"
    selectedPoints={10}
  />
  <Fragment>
    <hr />
    <Feedback
      commentBody="Overall Feedback"
      commentHeader="Step Label"
      criterionDescription={null}
      criterionName="Overall feedback"
      defaultOpen={true}
      selectedOption={null}
      selectedPoints={null}
    />
  </Fragment>
</Fragment>
`;

exports[`<AssessmentCriteria /> renders without props 1`] = `<Fragment />`;
