// Jest Snapshot v1, https://goo.gl/fbAQLP

exports[`<StudioViewRubric /> render with criteria and options 1`] = `
<Collapsible
  onToggle={[MockFunction toggleRubric]}
  open={true}
  title={
    <h3
      className="py-3"
    >
      Rubric
    </h3>
  }
>
  <div
    className="py-3"
    data-testid="criteria-test-id"
    key="criterion1"
  >
    <p>
      <strong>
        Criteria name: 
      </strong>
      criterion1
    </p>
    <p>
      <strong>
        Criteria description: 
      </strong>
      description1
    </p>
    <p>
      <strong>
        Criteria options: 
      </strong>
    </p>
    <ul>
      <li
        key="option1"
      >
        <strong>
          label1
          : 
          1
           
          points
        </strong>
        <p>
          description1
        </p>
      </li>
      <li
        key="option2"
      >
        <strong>
          label2
          : 
          2
           
          points
        </strong>
        <p>
          description2
        </p>
      </li>
    </ul>
  </div>
  <div
    className="py-3"
    data-testid="criteria-test-id"
    key="criterion2"
  >
    <p>
      <strong>
        Criteria name: 
      </strong>
      criterion2
    </p>
    <p>
      <strong>
        Criteria description: 
      </strong>
      description2
    </p>
    <p>
      <strong>
        Criteria options: 
      </strong>
    </p>
    <ul>
      <li
        key="option2"
      >
        <strong>
          label2
          : 
          2
           
          points
        </strong>
        <p>
          description2
        </p>
      </li>
    </ul>
  </div>
</Collapsible>
`;

exports[`<StudioViewRubric /> render without criteria 1`] = `
<Collapsible
  onToggle={[MockFunction toggleRubric]}
  open={true}
  title={
    <h3
      className="py-3"
    >
      Rubric
    </h3>
  }
/>
`;
