// Jest Snapshot v1, https://goo.gl/fbAQLP

exports[`<StudioViewPrompt /> render with prompt 1`] = `
<Fragment>
  <Prompt
    key="prompt1"
    onToggle={[MockFunction togglePrompt]}
    open={true}
    prompt="prompt1"
  />
  <Prompt
    key="prompt2"
    onToggle={[MockFunction togglePrompt]}
    open={true}
    prompt="prompt2"
  />
</Fragment>
`;

exports[`<StudioViewPrompt /> render without prompt 1`] = `<Fragment />`;
