// Jest Snapshot v1, https://goo.gl/fbAQLP

exports[`<XBlockStudioView /> should render 1`] = `
<XBlockStudioViewProvider>
  <div
    id="ora-xblock-studio-view"
  >
    <StudioViewTitle />
    <StudioViewPrompt />
    <StudioSchedule />
    <StudioViewSteps />
    <StudioViewSettings />
    <StudioViewRubric />
  </div>
</XBlockStudioViewProvider>
`;
