// Jest Snapshot v1, https://goo.gl/fbAQLP

exports[`Error Banner component snapshot 1`] = `
<Alert
  actions={
    Array [
      <Button
        onClick={[MockFunction action1.onClick]}
        variant="outline-primary"
      >
        Retry
      </Button>,
      <Button
        onClick={[MockFunction action2.onClick]}
        variant="outline-primary"
      >
        Retry
      </Button>,
    ]
  }
  icon={[Function]}
  variant="danger"
>
  <Alert.Heading>
    Unknown errors
  </Alert.Heading>
  <p>
    Abitary Child
  </p>
</Alert>
`;
