// Jest Snapshot v1, https://goo.gl/fbAQLP

exports[`<OverallFeedback /> render default 1`] = `
<Form.Group>
  <Form.Label
    className="criteria-label"
  >
    <span
      className="criteria-title"
    >
      Overall comments
    </span>
    <InfoPopover>
      <div
        data-testid="instructions-test-id"
      >
        useOverallFeedbackInstructions
      </div>
    </InfoPopover>
  </Form.Label>
  <Form.Control
    as="textarea"
    className="rubric-feedback feedback-input"
    floatingLabel="Add comments (Optional)"
    onChange={[MockFunction useOverallFeedbackFormFields.onChange]}
    value="useOverallFeedbackFormFields.value"
  />
</Form.Group>
`;

exports[`<OverallFeedback /> render empty on studentTraining 1`] = `null`;
