// Jest Snapshot v1, https://goo.gl/fbAQLP

exports[`<ActionCell /> render action cell and confirm dialog 1`] = `
<Fragment>
  <IconButton
    alt="Delete"
    disabled={false}
    iconAs="Icon"
    onClick={[MockFunction onClick]}
  />
  <ConfirmDialog
    abc={123}
  />
</Fragment>
`;

exports[`<ActionCell /> render empty on disabled 1`] = `false`;
