// Jest Snapshot v1, https://goo.gl/fbAQLP

exports[`<FileDownload /> render download button 1`] = `
<StatefulButton
  disabledStates={
    [
      "loading",
      "success",
    ]
  }
  icons={
    {
      "error": <Icon
        className="fa fa-refresh"
      />,
      "idle": <Icon
        className="fa fa-download"
      />,
      "loading": <Icon
        className="fa fa-spinner fa-spin"
      />,
      "success": <Icon
        className="fa fa-check"
      />,
    }
  }
  labels={
    {
      "error": <FormattedMessage
        defaultMessage="Retry download"
        description="Download files failed state label"
        id="frontend-app-ora.ResponseDisplay.SubmissionFiles.retryDownload"
      />,
      "idle": <FormattedMessage
        defaultMessage="Download files"
        description="Download files inactive state label"
        id="frontend-app-ora.ResponseDisplay.SubmissionFiles.downloadFiles"
      />,
      "loading": <FormattedMessage
        defaultMessage="Downloading"
        description="Download files pending state label"
        id="frontend-app-ora.ResponseDisplay.SubmissionFiles.downloading"
      />,
      "success": <FormattedMessage
        defaultMessage="Downloaded!"
        description="Download files completed state label"
        id="frontend-app-ora.ResponseDisplay.SubmissionFiles.downloaded"
      />,
    }
  }
  onClick={[MockFunction downloadFiles]}
  state="not that it matters"
/>
`;

exports[`<FileDownload /> render empty on no files 1`] = `null`;
